PS C:\Users\joker\Desktop\git_challenge> git init
PS C:\Users\joker\Desktop\git_challenge> git add .
PS C:\Users\joker\Desktop\git_challenge> git status
On branch main
Changes to be committed:
  (use "git restore --staged <file>..." to unstage)
        modified:   hello_world.txt

PS C:\Users\joker\Desktop\git_challenge> git commit -m　"hello_world.txtを追加"
[main 4b034c8] hello_world.txtを追加
 1 file changed, 1 insertion(+), 2 deletions(-)
PS C:\Users\joker\Desktop\git_challenge> git add .
PS C:\Users\joker\Desktop\git_challenge> git status
On branch main
Changes to be committed:
  (use "git restore --staged <file>..." to unstage)
        modified:   hello_world.txt

PS C:\Users\joker\Desktop\git_challenge> git commit -m "日本語訳を追記"
[main e8b15a4] 日本語訳を追記
 1 file changed, 2 insertions(+), 1 deletion(-)
PS C:\Users\joker\Desktop\git_challenge> git log --oneline
e8b15a4 (HEAD -> main) 日本語訳を追記
4b034c8 hello_world.txtを追加